interactions:
- request:
    body: !!python/unicode mail_host=example.com
    headers:
      accept-encoding: ['gzip, deflate']
      !!python/unicode content-type: [!!python/unicode application/x-www-form-urlencoded]
    method: !!python/unicode POST
    uri: http://localhost:9001/3.0/domains
  response:
    body: {string: !!python/unicode ''}
    headers:
      content-length: ['0']
      content-type: [application/json; charset=UTF-8]
      location: ['http://localhost:9001/3.0/domains/example.com']
    status: {code: 201, message: Created}
- request:
    body: null
    headers:
      accept-encoding: ['gzip, deflate']
    method: !!python/unicode GET
    uri: http://localhost:9001/3.0/domains/example.com
  response:
    body: {string: !!python/unicode '{"description": null, "http_etag": "\"d150abd34fabbcef42a2c654bfac81aa04ea4d6f\"",
        "mail_host": "example.com", "self_link": "http://localhost:9001/3.0/domains/example.com"}'}
    headers:
      content-length: ['172']
      content-type: [application/json; charset=UTF-8]
    status: {code: 200, message: OK}
- request:
    body: !!python/unicode fqdn_listname=list%40example.com
    headers:
      accept-encoding: ['gzip, deflate']
      !!python/unicode content-type: [!!python/unicode application/x-www-form-urlencoded]
    method: !!python/unicode POST
    uri: http://localhost:9001/3.0/lists
  response:
    body: {string: !!python/unicode ''}
    headers:
      content-length: ['0']
      content-type: [application/json; charset=UTF-8]
      location: ['http://localhost:9001/3.0/lists/list.example.com']
    status: {code: 201, message: Created}
- request:
    body: null
    headers:
      accept-encoding: ['gzip, deflate']
    method: !!python/unicode GET
    uri: http://localhost:9001/3.0/lists/list.example.com
  response:
    body: {string: !!python/unicode '{"display_name": "List", "fqdn_listname": "list@example.com",
        "http_etag": "\"e6a4f3c403f35e4c9a30c19f07bf0e36fa03e45b\"", "list_id": "list.example.com",
        "list_name": "list", "mail_host": "example.com", "member_count": 0, "self_link":
        "http://localhost:9001/3.0/lists/list.example.com", "volume": 1}'}
    headers:
      content-length: ['299']
      content-type: [application/json; charset=UTF-8]
    status: {code: 200, message: OK}
- request:
    body: !!python/unicode list_id=list.example.com&role=owner&subscriber=owner%40example.com
    headers:
      accept-encoding: ['gzip, deflate']
      !!python/unicode content-type: [!!python/unicode application/x-www-form-urlencoded]
    method: !!python/unicode POST
    uri: http://localhost:9001/3.0/members
  response:
    body: {string: !!python/unicode ''}
    headers:
      content-length: ['0']
      content-type: [application/json; charset=UTF-8]
      location: ['http://localhost:9001/3.0/members/41']
    status: {code: 201, message: Created}
- request:
    body: !!python/unicode list_id=list.example.com&role=moderator&subscriber=moderator%40example.com
    headers:
      accept-encoding: ['gzip, deflate']
      !!python/unicode content-type: [!!python/unicode application/x-www-form-urlencoded]
    method: !!python/unicode POST
    uri: http://localhost:9001/3.0/members
  response:
    body: {string: !!python/unicode ''}
    headers:
      content-length: ['0']
      content-type: [application/json; charset=UTF-8]
      location: ['http://localhost:9001/3.0/members/42']
    status: {code: 201, message: Created}
- request:
    body: !!python/unicode action=discard&header=testheader-1&pattern=testpattern-1
    headers:
      accept-encoding: ['gzip, deflate']
      !!python/unicode content-type: [!!python/unicode application/x-www-form-urlencoded]
    method: !!python/unicode POST
    uri: http://localhost:9001/3.0/lists/list.example.com/header-matches
  response:
    body: {string: !!python/unicode ''}
    headers:
      content-length: ['0']
      content-type: [application/json; charset=UTF-8]
      location: ['http://localhost:9001/3.0/lists/list.example.com/header-matches/0']
    status: {code: 201, message: Created}
- request:
    body: !!python/unicode action=discard&header=testheader-2&pattern=testpattern-2
    headers:
      accept-encoding: ['gzip, deflate']
      !!python/unicode content-type: [!!python/unicode application/x-www-form-urlencoded]
    method: !!python/unicode POST
    uri: http://localhost:9001/3.0/lists/list.example.com/header-matches
  response:
    body: {string: !!python/unicode ''}
    headers:
      content-length: ['0']
      content-type: [application/json; charset=UTF-8]
      location: ['http://localhost:9001/3.0/lists/list.example.com/header-matches/1']
    status: {code: 201, message: Created}
- request:
    body: !!python/unicode action=discard&header=testheader-3&pattern=testpattern-3
    headers:
      accept-encoding: ['gzip, deflate']
      !!python/unicode content-type: [!!python/unicode application/x-www-form-urlencoded]
    method: !!python/unicode POST
    uri: http://localhost:9001/3.0/lists/list.example.com/header-matches
  response:
    body: {string: !!python/unicode ''}
    headers:
      content-length: ['0']
      content-type: [application/json; charset=UTF-8]
      location: ['http://localhost:9001/3.0/lists/list.example.com/header-matches/2']
    status: {code: 201, message: Created}
- request:
    body: null
    headers:
      accept-encoding: ['gzip, deflate']
    method: !!python/unicode GET
    uri: http://localhost:9001/3.0/lists/list.example.com
  response:
    body: {string: !!python/unicode '{"display_name": "List", "fqdn_listname": "list@example.com",
        "http_etag": "\"e6a4f3c403f35e4c9a30c19f07bf0e36fa03e45b\"", "list_id": "list.example.com",
        "list_name": "list", "mail_host": "example.com", "member_count": 0, "self_link":
        "http://localhost:9001/3.0/lists/list.example.com", "volume": 1}'}
    headers:
      content-length: ['299']
      content-type: [application/json; charset=UTF-8]
    status: {code: 200, message: OK}
- request:
    body: null
    headers:
      accept-encoding: ['gzip, deflate']
    method: !!python/unicode GET
    uri: http://localhost:9001/3.0/lists/list.example.com/roster/owner
  response:
    body: {string: !!python/unicode '{"entries": [{"address": "http://localhost:9001/3.0/addresses/owner@example.com",
        "delivery_mode": "regular", "email": "owner@example.com", "http_etag": "\"cfe811bfc429a22e298409130c455e89bf24c317\"",
        "list_id": "list.example.com", "member_id": 41, "moderation_action": "accept",
        "role": "owner", "self_link": "http://localhost:9001/3.0/members/41", "user":
        "http://localhost:9001/3.0/users/35"}], "http_etag": "\"cf067b3b3eb67073441b4caa3098a1f3ced6171a\"",
        "start": 0, "total_size": 1}'}
    headers:
      content-length: ['487']
      content-type: [application/json; charset=UTF-8]
    status: {code: 200, message: OK}
- request:
    body: null
    headers:
      accept-encoding: ['gzip, deflate']
    method: !!python/unicode GET
    uri: http://localhost:9001/3.0/lists/list.example.com/roster/moderator
  response:
    body: {string: !!python/unicode '{"entries": [{"address": "http://localhost:9001/3.0/addresses/moderator@example.com",
        "delivery_mode": "regular", "email": "moderator@example.com", "http_etag":
        "\"b956d7a5b38a19d6adf39f7b78f4b805c2666838\"", "list_id": "list.example.com",
        "member_id": 42, "moderation_action": "accept", "role": "moderator", "self_link":
        "http://localhost:9001/3.0/members/42", "user": "http://localhost:9001/3.0/users/36"}],
        "http_etag": "\"8b3d6588abf14ecbddbba20cf910a465eab601f9\"", "start": 0, "total_size":
        1}'}
    headers:
      content-length: ['499']
      content-type: [application/json; charset=UTF-8]
    status: {code: 200, message: OK}
- request:
    body: null
    headers:
      accept-encoding: ['gzip, deflate']
    method: !!python/unicode GET
    uri: http://localhost:9001/3.0/lists/list.example.com
  response:
    body: {string: !!python/unicode '{"display_name": "List", "fqdn_listname": "list@example.com",
        "http_etag": "\"e6a4f3c403f35e4c9a30c19f07bf0e36fa03e45b\"", "list_id": "list.example.com",
        "list_name": "list", "mail_host": "example.com", "member_count": 0, "self_link":
        "http://localhost:9001/3.0/lists/list.example.com", "volume": 1}'}
    headers:
      content-length: ['299']
      content-type: [application/json; charset=UTF-8]
    status: {code: 200, message: OK}
- request:
    body: null
    headers:
      accept-encoding: ['gzip, deflate']
    method: !!python/unicode GET
    uri: http://localhost:9001/3.0/lists/list.example.com/header-matches
  response:
    body: {string: !!python/unicode '{"entries": [{"action": "discard", "header":
        "testheader-1", "http_etag": "\"c3a486a9676bc129986b609d6c416a969869ee26\"",
        "pattern": "testpattern-1", "position": 0, "self_link": "http://localhost:9001/3.0/lists/list.example.com/header-matches/0"},
        {"action": "discard", "header": "testheader-2", "http_etag": "\"bba2ea72c8931ba99fe39fff8a8a60eed535364c\"",
        "pattern": "testpattern-2", "position": 1, "self_link": "http://localhost:9001/3.0/lists/list.example.com/header-matches/1"},
        {"action": "discard", "header": "testheader-3", "http_etag": "\"2df581da0369aa38136522ba8d8344889bb25ad6\"",
        "pattern": "testpattern-3", "position": 2, "self_link": "http://localhost:9001/3.0/lists/list.example.com/header-matches/2"}],
        "http_etag": "\"ba3ceee3baa41a8f8c736f1aeafdb3e6e47ba738\"", "start": 0, "total_size":
        3}'}
    headers:
      content-length: ['808']
      content-type: [application/json; charset=UTF-8]
    status: {code: 200, message: OK}
- request:
    body: null
    headers:
      accept-encoding: ['gzip, deflate']
    method: !!python/unicode DELETE
    uri: http://localhost:9001/3.0/lists/list.example.com/header-matches
  response:
    body: {string: !!python/unicode ''}
    headers:
      content-length: ['0']
    status: {code: 204, message: No Content}
- request:
    body: !!python/unicode action=discard&header=testheader-1&pattern=testpattern-1
    headers:
      accept-encoding: ['gzip, deflate']
      !!python/unicode content-type: [!!python/unicode application/x-www-form-urlencoded]
    method: !!python/unicode POST
    uri: http://localhost:9001/3.0/lists/list.example.com/header-matches
  response:
    body: {string: !!python/unicode ''}
    headers:
      content-length: ['0']
      content-type: [application/json; charset=UTF-8]
      location: ['http://localhost:9001/3.0/lists/list.example.com/header-matches/0']
    status: {code: 201, message: Created}
- request:
    body: !!python/unicode action=discard&header=testheader-3&pattern=testpattern-3
    headers:
      accept-encoding: ['gzip, deflate']
      !!python/unicode content-type: [!!python/unicode application/x-www-form-urlencoded]
    method: !!python/unicode POST
    uri: http://localhost:9001/3.0/lists/list.example.com/header-matches
  response:
    body: {string: !!python/unicode ''}
    headers:
      content-length: ['0']
      content-type: [application/json; charset=UTF-8]
      location: ['http://localhost:9001/3.0/lists/list.example.com/header-matches/1']
    status: {code: 201, message: Created}
- request:
    body: !!python/unicode action=discard&header=testheader-2&pattern=testpattern-2
    headers:
      accept-encoding: ['gzip, deflate']
      !!python/unicode content-type: [!!python/unicode application/x-www-form-urlencoded]
    method: !!python/unicode POST
    uri: http://localhost:9001/3.0/lists/list.example.com/header-matches
  response:
    body: {string: !!python/unicode ''}
    headers:
      content-length: ['0']
      content-type: [application/json; charset=UTF-8]
      location: ['http://localhost:9001/3.0/lists/list.example.com/header-matches/2']
    status: {code: 201, message: Created}
- request:
    body: null
    headers:
      accept-encoding: ['gzip, deflate']
    method: !!python/unicode GET
    uri: http://localhost:9001/3.0/lists/list.example.com
  response:
    body: {string: !!python/unicode '{"display_name": "List", "fqdn_listname": "list@example.com",
        "http_etag": "\"e6a4f3c403f35e4c9a30c19f07bf0e36fa03e45b\"", "list_id": "list.example.com",
        "list_name": "list", "mail_host": "example.com", "member_count": 0, "self_link":
        "http://localhost:9001/3.0/lists/list.example.com", "volume": 1}'}
    headers:
      content-length: ['299']
      content-type: [application/json; charset=UTF-8]
    status: {code: 200, message: OK}
- request:
    body: null
    headers:
      accept-encoding: ['gzip, deflate']
    method: !!python/unicode GET
    uri: http://localhost:9001/3.0/lists/list.example.com/roster/owner
  response:
    body: {string: !!python/unicode '{"entries": [{"address": "http://localhost:9001/3.0/addresses/owner@example.com",
        "delivery_mode": "regular", "email": "owner@example.com", "http_etag": "\"cfe811bfc429a22e298409130c455e89bf24c317\"",
        "list_id": "list.example.com", "member_id": 41, "moderation_action": "accept",
        "role": "owner", "self_link": "http://localhost:9001/3.0/members/41", "user":
        "http://localhost:9001/3.0/users/35"}], "http_etag": "\"cf067b3b3eb67073441b4caa3098a1f3ced6171a\"",
        "start": 0, "total_size": 1}'}
    headers:
      content-length: ['487']
      content-type: [application/json; charset=UTF-8]
    status: {code: 200, message: OK}
- request:
    body: null
    headers:
      accept-encoding: ['gzip, deflate']
    method: !!python/unicode GET
    uri: http://localhost:9001/3.0/lists/list.example.com/roster/moderator
  response:
    body: {string: !!python/unicode '{"entries": [{"address": "http://localhost:9001/3.0/addresses/moderator@example.com",
        "delivery_mode": "regular", "email": "moderator@example.com", "http_etag":
        "\"b956d7a5b38a19d6adf39f7b78f4b805c2666838\"", "list_id": "list.example.com",
        "member_id": 42, "moderation_action": "accept", "role": "moderator", "self_link":
        "http://localhost:9001/3.0/members/42", "user": "http://localhost:9001/3.0/users/36"}],
        "http_etag": "\"8b3d6588abf14ecbddbba20cf910a465eab601f9\"", "start": 0, "total_size":
        1}'}
    headers:
      content-length: ['499']
      content-type: [application/json; charset=UTF-8]
    status: {code: 200, message: OK}
- request:
    body: null
    headers:
      accept-encoding: ['gzip, deflate']
    method: !!python/unicode GET
    uri: http://localhost:9001/3.0/lists/list.example.com
  response:
    body: {string: !!python/unicode '{"display_name": "List", "fqdn_listname": "list@example.com",
        "http_etag": "\"e6a4f3c403f35e4c9a30c19f07bf0e36fa03e45b\"", "list_id": "list.example.com",
        "list_name": "list", "mail_host": "example.com", "member_count": 0, "self_link":
        "http://localhost:9001/3.0/lists/list.example.com", "volume": 1}'}
    headers:
      content-length: ['299']
      content-type: [application/json; charset=UTF-8]
    status: {code: 200, message: OK}
- request:
    body: null
    headers:
      accept-encoding: ['gzip, deflate']
    method: !!python/unicode GET
    uri: http://localhost:9001/3.0/lists/list.example.com/header-matches
  response:
    body: {string: !!python/unicode '{"entries": [{"action": "discard", "header":
        "testheader-1", "http_etag": "\"c3a486a9676bc129986b609d6c416a969869ee26\"",
        "pattern": "testpattern-1", "position": 0, "self_link": "http://localhost:9001/3.0/lists/list.example.com/header-matches/0"},
        {"action": "discard", "header": "testheader-3", "http_etag": "\"ea5d60499e0a3914cf5cc1ee755daffad389da7e\"",
        "pattern": "testpattern-3", "position": 1, "self_link": "http://localhost:9001/3.0/lists/list.example.com/header-matches/1"},
        {"action": "discard", "header": "testheader-2", "http_etag": "\"5997adfad58ca254055719309c024387d8f86389\"",
        "pattern": "testpattern-2", "position": 2, "self_link": "http://localhost:9001/3.0/lists/list.example.com/header-matches/2"}],
        "http_etag": "\"98b27062bded2565f8eb290234dd691db36f06b5\"", "start": 0, "total_size":
        3}'}
    headers:
      content-length: ['808']
      content-type: [application/json; charset=UTF-8]
    status: {code: 200, message: OK}
- request:
    body: null
    headers:
      accept-encoding: ['gzip, deflate']
    method: !!python/unicode GET
    uri: http://localhost:9001/3.0/lists/list.example.com/header-matches
  response:
    body: {string: !!python/unicode '{"entries": [{"action": "discard", "header":
        "testheader-1", "http_etag": "\"c3a486a9676bc129986b609d6c416a969869ee26\"",
        "pattern": "testpattern-1", "position": 0, "self_link": "http://localhost:9001/3.0/lists/list.example.com/header-matches/0"},
        {"action": "discard", "header": "testheader-3", "http_etag": "\"ea5d60499e0a3914cf5cc1ee755daffad389da7e\"",
        "pattern": "testpattern-3", "position": 1, "self_link": "http://localhost:9001/3.0/lists/list.example.com/header-matches/1"},
        {"action": "discard", "header": "testheader-2", "http_etag": "\"5997adfad58ca254055719309c024387d8f86389\"",
        "pattern": "testpattern-2", "position": 2, "self_link": "http://localhost:9001/3.0/lists/list.example.com/header-matches/2"}],
        "http_etag": "\"98b27062bded2565f8eb290234dd691db36f06b5\"", "start": 0, "total_size":
        3}'}
    headers:
      content-length: ['808']
      content-type: [application/json; charset=UTF-8]
    status: {code: 200, message: OK}
- request:
    body: null
    headers:
      accept-encoding: ['gzip, deflate']
    method: !!python/unicode GET
    uri: http://localhost:9001/3.0/lists/list.example.com/header-matches
  response:
    body: {string: !!python/unicode '{"entries": [{"action": "discard", "header":
        "testheader-1", "http_etag": "\"c3a486a9676bc129986b609d6c416a969869ee26\"",
        "pattern": "testpattern-1", "position": 0, "self_link": "http://localhost:9001/3.0/lists/list.example.com/header-matches/0"},
        {"action": "discard", "header": "testheader-3", "http_etag": "\"ea5d60499e0a3914cf5cc1ee755daffad389da7e\"",
        "pattern": "testpattern-3", "position": 1, "self_link": "http://localhost:9001/3.0/lists/list.example.com/header-matches/1"},
        {"action": "discard", "header": "testheader-2", "http_etag": "\"5997adfad58ca254055719309c024387d8f86389\"",
        "pattern": "testpattern-2", "position": 2, "self_link": "http://localhost:9001/3.0/lists/list.example.com/header-matches/2"}],
        "http_etag": "\"98b27062bded2565f8eb290234dd691db36f06b5\"", "start": 0, "total_size":
        3}'}
    headers:
      content-length: ['808']
      content-type: [application/json; charset=UTF-8]
    status: {code: 200, message: OK}
- request:
    body: null
    headers:
      accept-encoding: ['gzip, deflate']
    method: !!python/unicode GET
    uri: http://localhost:9001/3.0/domains
  response:
    body: {string: !!python/unicode '{"entries": [{"description": null, "http_etag":
        "\"d150abd34fabbcef42a2c654bfac81aa04ea4d6f\"", "mail_host": "example.com",
        "self_link": "http://localhost:9001/3.0/domains/example.com"}], "http_etag":
        "\"2ec9679269ad1f741705a62db0162f5585ae5c3c\"", "start": 0, "total_size":
        1}'}
    headers:
      content-length: ['277']
      content-type: [application/json; charset=UTF-8]
    status: {code: 200, message: OK}
- request:
    body: null
    headers:
      accept-encoding: ['gzip, deflate']
    method: !!python/unicode DELETE
    uri: http://localhost:9001/3.0/domains/example.com
  response:
    body: {string: !!python/unicode ''}
    headers:
      content-length: ['0']
    status: {code: 204, message: No Content}
- request:
    body: null
    headers:
      accept-encoding: ['gzip, deflate']
    method: !!python/unicode GET
    uri: http://localhost:9001/3.0/users
  response:
    body: {string: !!python/unicode '{"entries": [{"created_on": "2005-08-01T07:49:23",
        "http_etag": "\"d69542e8aff488054a713dbf6e0865e72dc820cd\"", "is_server_owner":
        false, "self_link": "http://localhost:9001/3.0/users/35", "user_id": 35},
        {"created_on": "2005-08-01T07:49:23", "http_etag": "\"ac340829f7769de8826d5096491b69aabe732430\"",
        "is_server_owner": false, "self_link": "http://localhost:9001/3.0/users/36",
        "user_id": 36}], "http_etag": "\"5b2cbb1e0ff56baa9e78d9d5f331765f875e0c58\"",
        "start": 0, "total_size": 2}'}
    headers:
      content-length: ['487']
      content-type: [application/json; charset=UTF-8]
    status: {code: 200, message: OK}
- request:
    body: null
    headers:
      accept-encoding: ['gzip, deflate']
    method: !!python/unicode DELETE
    uri: http://localhost:9001/3.0/users/35
  response:
    body: {string: !!python/unicode ''}
    headers:
      content-length: ['0']
    status: {code: 204, message: No Content}
- request:
    body: null
    headers:
      accept-encoding: ['gzip, deflate']
    method: !!python/unicode DELETE
    uri: http://localhost:9001/3.0/users/36
  response:
    body: {string: !!python/unicode ''}
    headers:
      content-length: ['0']
    status: {code: 204, message: No Content}
version: 1
